// Jest Snapshot v1, https://goo.gl/fbAQLP

exports[`Home HTML Structure should render properly 1`] = `
<DocumentFragment>
  <div
    class="MuiContainer-root MuiContainer-maxWidthLg"
    style="margin-top: 90px;"
  >
    <header />
    <h2
      class="MuiTypography-root MuiTypography-h2 MuiTypography-gutterBottom"
    >
      Home Page
    </h2>
  </div>
</DocumentFragment>
`;
